A
pre A
B
pre B
C
D
post
E
pre E
post
F
pre F
G
H
pre H
I
post
post
post
