[]
[
  65,
  [
    1,
    2,
    3
  ],
  "string",
  {
    "object": "object"
  }
]
