{
  "myBoolean": true,
  "myNumber": 2,
  "myObject": {
    "b": true,
    "message": "success",
    "o": {
      "foo": "bar",
      "xxx": "yyy"
    },
    "s": "bar"
  },
  "myString": "success"
}
