{
  "myBoolean": true,
  "myNumber": 2,
  "myObject": {
    "message": "success",
    "o": {
      "foo": "bar",
      "xxx": "yyy"
    }
  },
  "myString": "success"
}
