./validate-files/invalid.yaml: object name is not "Valid"
./validate-files/valid.yaml: ok
