1.2
foo
null
{
  "foo": 1.2,
  "kind": "Bar"
}
{
    "foo": 1.2,
    "kind": "Bar"
}
{
  "foo": 1.2,
  "kind": "Bar"
}
foo:
  number: 1.2
  string: mystring
kind: Bar
foo:
  number: 1.2
  string: mystring
kind: Bar
