Object:
[
  "(root): lastName is required",
  "age: Must be greater than or equal to 0/1"
]
File:
[
  "(root): lastName is required",
  "age: Must be greater than or equal to 0/1"
]
Module:
[
  "(root): lastName is required",
  "age: Must be greater than or equal to 0/1"
]
