./testfiles/validate/validate-multi.yaml: object name is not "Valid"
