./validate-files/invalid.yaml: value not valid
./validate-files/valid.yaml: ok
