this is from input.json in a directory given with --input-directory
