{
  "json": "ok"
}
{
  "yaml": "ok"
}
[
  {
    "foo": 1
  },
  {
    "bar": 2
  }
]
