apiVersion: v1
data:
  config.json: '{"path":"some/path/somewhere","version":2}'
kind: ConfigMap
metadata:
  name: config
