"provider" "github" {
  "organization" = "myorg"
}

"github_membership" "myorg_alice84" {
  "username" = "alice84"

  "role" = "admin"
}

"github_membership" "myorg_bob93" {
  "username" = "bob93"

  "role" = "member"
}
