apiVersion: v1
kind: Service
metadata:
  name: jkats-service
  namespace: default
spec:
  ports:
  - port: 8888
  selector:
    application: jkats
    version: 1.3.1
