apiVersion: v1
kind: Service
metadata:
  name: foosvc
  namespace: default
spec:
  ports:
  - port: 8080
  selector:
    foo: bar
