{
  "a": 1,
  "b": 2
}
[
  [
    1,
    3
  ],
  [
    2,
    4
  ]
]
